introspect.ts(12,21): error TS2353: Object literal may only specify known properties, and 'dependencies' does not exist in type 'ScheduleActivityInclude<DefaultArgs>'.
introspect.ts(27,21): error TS2353: Object literal may only specify known properties, and 'dependencies' does not exist in type 'ScheduleActivityInclude<DefaultArgs>'.
introspect.ts(38,20): error TS2353: Object literal may only specify known properties, and 'activations' does not exist in type 'ProjectScheduleInclude<DefaultArgs>'.
introspect.ts(71,49): error TS2339: Property 'naturalCalculatedCompletionDate' does not exist on type '{ id: string; projectId: string; name: string; description: string | null; baselineStartDate: Date | null; baselineFinishDate: Date | null; currentStartDate: Date | null; ... 40 more ...; rowVersion: number; }'.
introspect.ts(72,47): error TS2339: Property 'finalCalculatedCompletionDate' does not exist on type '{ id: string; projectId: string; name: string; description: string | null; baselineStartDate: Date | null; baselineFinishDate: Date | null; currentStartDate: Date | null; ... 40 more ...; rowVersion: number; }'.
introspect.ts(73,26): error TS2339: Property 'wbs' does not exist on type '{ id: string; projectId: string; name: string; description: string | null; baselineStartDate: Date | null; baselineFinishDate: Date | null; currentStartDate: Date | null; ... 40 more ...; rowVersion: number; }'.
introspect.ts(74,31): error TS2339: Property 'activities' does not exist on type '{ id: string; projectId: string; name: string; description: string | null; baselineStartDate: Date | null; baselineFinishDate: Date | null; currentStartDate: Date | null; ... 40 more ...; rowVersion: number; }'.
introspect.ts(75,35): error TS2339: Property 'activities' does not exist on type '{ id: string; projectId: string; name: string; description: string | null; baselineStartDate: Date | null; baselineFinishDate: Date | null; currentStartDate: Date | null; ... 40 more ...; rowVersion: number; }'.
introspect.ts(75,54): error TS7006: Parameter 'acc' implicitly has an 'any' type.
introspect.ts(75,59): error TS7006: Parameter 'a' implicitly has an 'any' type.
introspect.ts(76,34): error TS2339: Property 'activities' does not exist on type '{ id: string; projectId: string; name: string; description: string | null; baselineStartDate: Date | null; baselineFinishDate: Date | null; currentStartDate: Date | null; ... 40 more ...; rowVersion: number; }'.
introspect.ts(76,53): error TS7006: Parameter 'acc' implicitly has an 'any' type.
introspect.ts(76,58): error TS7006: Parameter 'a' implicitly has an 'any' type.
introspect.ts(77,26): error TS2339: Property 'wbs' does not exist on type '{ id: string; projectId: string; name: string; description: string | null; baselineStartDate: Date | null; baselineFinishDate: Date | null; currentStartDate: Date | null; ... 40 more ...; rowVersion: number; }'.
introspect.ts(77,37): error TS7006: Parameter 'w' implicitly has an 'any' type.
introspect.ts(78,29): error TS2339: Property 'wbs' does not exist on type '{ id: string; projectId: string; name: string; description: string | null; baselineStartDate: Date | null; baselineFinishDate: Date | null; currentStartDate: Date | null; ... 40 more ...; rowVersion: number; }'.
introspect.ts(78,40): error TS7006: Parameter 'w' implicitly has an 'any' type.
introspect.ts(79,24): error TS2339: Property 'wbs' does not exist on type '{ id: string; projectId: string; name: string; description: string | null; baselineStartDate: Date | null; baselineFinishDate: Date | null; currentStartDate: Date | null; ... 40 more ...; rowVersion: number; }'.
introspect.ts(79,35): error TS7006: Parameter 'w' implicitly has an 'any' type.
introspect.ts(79,64): error TS7006: Parameter 'w' implicitly has an 'any' type.
introspect.ts(81,27): error TS2339: Property 'approvals' does not exist on type '{ id: string; projectId: string; name: string; description: string | null; baselineStartDate: Date | null; baselineFinishDate: Date | null; currentStartDate: Date | null; ... 40 more ...; rowVersion: number; }'.
introspect.ts(82,29): error TS2339: Property 'activations' does not exist on type '{ id: string; projectId: string; name: string; description: string | null; baselineStartDate: Date | null; baselineFinishDate: Date | null; currentStartDate: Date | null; ... 40 more ...; rowVersion: number; }'.
introspect.ts(83,37): error TS2551: Property 'lockedBoqVersionId' does not exist on type '{ id: string; projectId: string; name: string; description: string | null; baselineStartDate: Date | null; baselineFinishDate: Date | null; currentStartDate: Date | null; ... 40 more ...; rowVersion: number; }'. Did you mean 'lockedBOQVersionId'?
introspect.ts(83,97): error TS2339: Property 'wbs' does not exist on type '{ id: string; projectId: string; name: string; description: string | null; baselineStartDate: Date | null; baselineFinishDate: Date | null; currentStartDate: Date | null; ... 40 more ...; rowVersion: number; }'.
introspect.ts(98,26): error TS2339: Property 'wbs' does not exist on type '{ id: string; projectId: string; name: string; description: string | null; baselineStartDate: Date | null; baselineFinishDate: Date | null; currentStartDate: Date | null; ... 40 more ...; rowVersion: number; }'.
introspect.ts(99,31): error TS2339: Property 'activities' does not exist on type '{ id: string; projectId: string; name: string; description: string | null; baselineStartDate: Date | null; baselineFinishDate: Date | null; currentStartDate: Date | null; ... 40 more ...; rowVersion: number; }'.
introspect.ts(100,35): error TS2339: Property 'activities' does not exist on type '{ id: string; projectId: string; name: string; description: string | null; baselineStartDate: Date | null; baselineFinishDate: Date | null; currentStartDate: Date | null; ... 40 more ...; rowVersion: number; }'.
introspect.ts(100,54): error TS7006: Parameter 'acc' implicitly has an 'any' type.
introspect.ts(100,59): error TS7006: Parameter 'a' implicitly has an 'any' type.
introspect.ts(101,34): error TS2339: Property 'activities' does not exist on type '{ id: string; projectId: string; name: string; description: string | null; baselineStartDate: Date | null; baselineFinishDate: Date | null; currentStartDate: Date | null; ... 40 more ...; rowVersion: number; }'.
introspect.ts(101,53): error TS7006: Parameter 'acc' implicitly has an 'any' type.
introspect.ts(101,58): error TS7006: Parameter 'a' implicitly has an 'any' type.
introspect.ts(102,29): error TS2339: Property 'wbs' does not exist on type '{ id: string; projectId: string; name: string; description: string | null; baselineStartDate: Date | null; baselineFinishDate: Date | null; currentStartDate: Date | null; ... 40 more ...; rowVersion: number; }'.
introspect.ts(102,40): error TS7006: Parameter 'w' implicitly has an 'any' type.
introspect.ts(103,32): error TS2339: Property 'approvals' does not exist on type '{ id: string; projectId: string; name: string; description: string | null; baselineStartDate: Date | null; baselineFinishDate: Date | null; currentStartDate: Date | null; ... 40 more ...; rowVersion: number; }'.
introspect.ts(104,34): error TS2339: Property 'activations' does not exist on type '{ id: string; projectId: string; name: string; description: string | null; baselineStartDate: Date | null; baselineFinishDate: Date | null; currentStartDate: Date | null; ... 40 more ...; rowVersion: number; }'.
introspect.ts(109,29): error TS2339: Property 'activations' does not exist on type '{ id: string; projectId: string; name: string; description: string | null; baselineStartDate: Date | null; baselineFinishDate: Date | null; currentStartDate: Date | null; ... 40 more ...; rowVersion: number; }'.
scratch/create-pgh-boq.ts(14,17): error TS7006: Parameter 'i' implicitly has an 'any' type.
scratch/create-pgh-boq.ts(28,9): error TS7034: Variable 'rows' implicitly has type 'any[]' in some locations where its type cannot be determined.
scratch/create-pgh-boq.ts(31,18): error TS7006: Parameter 'i' implicitly has an 'any' type.
scratch/create-pgh-boq.ts(31,21): error TS7006: Parameter 'index' implicitly has an 'any' type.
scratch/create-pgh-boq.ts(65,3): error TS7005: Variable 'rows' implicitly has an 'any[]' type.
scratch/create-pgh-boq.ts(84,39): error TS7005: Variable 'rows' implicitly has an 'any[]' type.
scratch/phase3c-tests.ts(155,34): error TS2345: Argument of type '{ projectId: string; scheduleId: string; actorId: string; expectedRowVersion: number; }' is not assignable to parameter of type '{ projectId: string; scheduleId: string; actorId: string; expectedRowVersion: number; idempotencyKey: string; requestFingerprint: string; }'.
  Type '{ projectId: string; scheduleId: string; actorId: string; expectedRowVersion: number; }' is missing the following properties from type '{ projectId: string; scheduleId: string; actorId: string; expectedRowVersion: number; idempotencyKey: string; requestFingerprint: string; }': idempotencyKey, requestFingerprint
scratch/verify_projects.ts(43,45): error TS2339: Property 'lockedBoqVersionId' does not exist on type '{ projectSchedule: ({ activities: { id: string; name: string; description: string | null; baselineStartDate: Date | null; baselineFinishDate: Date | null; actualStartDate: Date | null; ... 33 more ...; jobOrderId: string | null; }[]; wbsNodes: { ...; }[]; dependencies: { ...; }[]; boqAllocations: { ...; }[]; } & { ....'.
scratch/verify_projects.ts(45,11): error TS2339: Property 'lockedBoqVersionId' does not exist on type '{ projectSchedule: ({ activities: { id: string; name: string; description: string | null; baselineStartDate: Date | null; baselineFinishDate: Date | null; actualStartDate: Date | null; ... 33 more ...; jobOrderId: string | null; }[]; wbsNodes: { ...; }[]; dependencies: { ...; }[]; boqAllocations: { ...; }[]; } & { ....'.
scratch/verify_projects.ts(46,65): error TS2339: Property 'lockedBoqVersionId' does not exist on type '{ projectSchedule: ({ activities: { id: string; name: string; description: string | null; baselineStartDate: Date | null; baselineFinishDate: Date | null; actualStartDate: Date | null; ... 33 more ...; jobOrderId: string | null; }[]; wbsNodes: { ...; }[]; dependencies: { ...; }[]; boqAllocations: { ...; }[]; } & { ....'.
scratch/verify_projects.ts(53,63): error TS2339: Property 'id' does not exist on type '({ activities: { id: string; name: string; description: string | null; baselineStartDate: Date | null; baselineFinishDate: Date | null; actualStartDate: Date | null; ... 33 more ...; jobOrderId: string | null; }[]; wbsNodes: { ...; }[]; dependencies: { ...; }[]; boqAllocations: { ...; }[]; } & { ...; })[]'.
scratch/verify_projects.ts(54,51): error TS2339: Property 'wbsNodes' does not exist on type '({ activities: { id: string; name: string; description: string | null; baselineStartDate: Date | null; baselineFinishDate: Date | null; actualStartDate: Date | null; ... 33 more ...; jobOrderId: string | null; }[]; wbsNodes: { ...; }[]; dependencies: { ...; }[]; boqAllocations: { ...; }[]; } & { ...; })[]'.
scratch/verify_projects.ts(55,52): error TS2339: Property 'activities' does not exist on type '({ activities: { id: string; name: string; description: string | null; baselineStartDate: Date | null; baselineFinishDate: Date | null; actualStartDate: Date | null; ... 33 more ...; jobOrderId: string | null; }[]; wbsNodes: { ...; }[]; dependencies: { ...; }[]; boqAllocations: { ...; }[]; } & { ...; })[]'.
scratch/verify_projects.ts(56,54): error TS2339: Property 'dependencies' does not exist on type '({ activities: { id: string; name: string; description: string | null; baselineStartDate: Date | null; baselineFinishDate: Date | null; actualStartDate: Date | null; ... 33 more ...; jobOrderId: string | null; }[]; wbsNodes: { ...; }[]; dependencies: { ...; }[]; boqAllocations: { ...; }[]; } & { ...; })[]'.
scratch/verify_projects.ts(57,58): error TS2339: Property 'boqAllocations' does not exist on type '({ activities: { id: string; name: string; description: string | null; baselineStartDate: Date | null; baselineFinishDate: Date | null; actualStartDate: Date | null; ... 33 more ...; jobOrderId: string | null; }[]; wbsNodes: { ...; }[]; dependencies: { ...; }[]; boqAllocations: { ...; }[]; } & { ...; })[]'.
src/app/actions/documentActions.ts(18,24): error TS2304: Cannot find name '__session'.
src/lib/scheduling/scheduleRevision.ts(127,25): error TS2339: Property 'sequence' does not exist on type '{ id: string; name: string; description: string | null; createdAt: Date; updatedAt: Date; scheduleId: string; code: string; parentId: string | null; level: number; orderIndex: number; }'.
src/lib/scheduling/scheduleRevision.ts(156,28): error TS2339: Property 'isMilestone' does not exist on type '{ boqAllocations: { id: string; projectId: string | null; awardedBoqItemId: string; scheduleId: string | null; allocatedAmount: Decimal | null; activityId: string; phaseId: string | null; ... 8 more ...; allocationReason: string | null; }[]; } & { ...; }'.
src/lib/scheduling/scheduleRevision.ts(157,21): error TS2339: Property 'type' does not exist on type '{ boqAllocations: { id: string; projectId: string | null; awardedBoqItemId: string; scheduleId: string | null; allocatedAmount: Decimal | null; activityId: string; phaseId: string | null; ... 8 more ...; allocationReason: string | null; }[]; } & { ...; }'.
src/lib/scheduling/scheduleRevision.ts(172,27): error TS2339: Property 'amount' does not exist on type '{ id: string; projectId: string | null; awardedBoqItemId: string; scheduleId: string | null; allocatedAmount: Decimal | null; activityId: string; phaseId: string | null; mappedQuantity: number; ... 7 more ...; allocationReason: string | null; }'.
src/lib/scheduling/scheduleRevision.ts(192,31): error TS2339: Property 'dependencyType' does not exist on type '{ id: string; remarks: string | null; type: string; scheduleId: string; predecessorId: string; successorId: string; lagDays: number; }'.
test-db-main.ts(2,24): error TS7016: Could not find a declaration file for module 'pg'. 'C:/Users/user/Documents/JD SOFTWARE PROJECTS/OneSystemsErp/PGH-PMS_saved 06-11-2026_11pm/node_modules/pg/esm/index.mjs' implicitly has an 'any' type.
  Try `npm i --save-dev @types/pg` if it exists or add a new declaration (.d.ts) file containing `declare module 'pg';`
test-db-main.ts(61,29): error TS2339: Property 'scheduleRevision' does not exist on type 'PrismaClient<PrismaClientOptions, never, DefaultArgs>'.
test-db-main.ts(64,30): error TS2339: Property 'bOQVersion' does not exist on type 'PrismaClient<PrismaClientOptions, never, DefaultArgs>'.
test-db.ts(2,24): error TS7016: Could not find a declaration file for module 'pg'. 'C:/Users/user/Documents/JD SOFTWARE PROJECTS/OneSystemsErp/PGH-PMS_saved 06-11-2026_11pm/node_modules/pg/esm/index.mjs' implicitly has an 'any' type.
  Try `npm i --save-dev @types/pg` if it exists or add a new declaration (.d.ts) file containing `declare module 'pg';`
test-pg.ts(1,24): error TS7016: Could not find a declaration file for module 'pg'. 'C:/Users/user/Documents/JD SOFTWARE PROJECTS/OneSystemsErp/PGH-PMS_saved 06-11-2026_11pm/node_modules/pg/esm/index.mjs' implicitly has an 'any' type.
  Try `npm i --save-dev @types/pg` if it exists or add a new declaration (.d.ts) file containing `declare module 'pg';`
test-retained-branch.ts(2,24): error TS7016: Could not find a declaration file for module 'pg'. 'C:/Users/user/Documents/JD SOFTWARE PROJECTS/OneSystemsErp/PGH-PMS_saved 06-11-2026_11pm/node_modules/pg/esm/index.mjs' implicitly has an 'any' type.
  Try `npm i --save-dev @types/pg` if it exists or add a new declaration (.d.ts) file containing `declare module 'pg';`
test-retained-branch.ts(94,29): error TS2339: Property 'scheduleRevision' does not exist on type 'PrismaClient<PrismaClientOptions, never, DefaultArgs>'.
test-retained-branch.ts(97,30): error TS2339: Property 'bOQVersion' does not exist on type 'PrismaClient<PrismaClientOptions, never, DefaultArgs>'.
tests/e2e/scheduling/phase3d-d-recovery-b1.spec.ts(309,7): error TS2322: Type '{ scheduleId: any; activatedById: any; idempotencyKey: string; requestId: string; isAuthoritative: true; reviewRound: number; revisionCode: string; validationSnapshot: {}; }' is not assignable to type '(Without<BaselineActivationCreateInput, BaselineActivationUncheckedCreateInput> & BaselineActivationUncheckedCreateInput) | (Without<...> & BaselineActivationCreateInput)'.
  Type '{ scheduleId: any; activatedById: any; idempotencyKey: string; requestId: string; isAuthoritative: true; reviewRound: number; revisionCode: string; validationSnapshot: {}; }' is not assignable to type 'Without<BaselineActivationUncheckedCreateInput, BaselineActivationCreateInput> & BaselineActivationCreateInput'.
    Type '{ scheduleId: any; activatedById: any; idempotencyKey: string; requestId: string; isAuthoritative: true; reviewRound: number; revisionCode: string; validationSnapshot: {}; }' is missing the following properties from type 'BaselineActivationCreateInput': snapshotVersion, scheduleSnapshotHash, activatedByNameSnapshot, activatedByRoleSnapshot, and 2 more.
tests/e2e/scheduling/phase3d-d-ui.spec.ts(30,18): error TS2339: Property 'next' does not exist on type 'Window & typeof globalThis'.
tests/e2e/scheduling/phase3d-d-ui.spec.ts(30,33): error TS2339: Property 'next' does not exist on type 'Window & typeof globalThis'.
tests/e2e/scheduling/phase3d-d-ui.spec.ts(31,16): error TS2339: Property 'next' does not exist on type 'Window & typeof globalThis'.
verify-db.ts(24,49): error TS2339: Property 'canonicalChecksum' does not exist on type '{ id: string; projectId: string; status: string; approvedBy: string | null; approvedAt: Date | null; createdAt: Date; updatedAt: Date; versionNumber: number; remarks: string | null; ... 12 more ...; sourceProvenance: string | null; }'.
